[36mvite v7.1.6 [32mbuilding for production...[36m[39m
transforming...
[32mΓ£ô[39m 70 modules transformed.
rendering chunks...
computing gzip size...
[2mdist/[22m[32mindex.html                                                      [39m[1m[2m  0.46 kB[22m[1m[22m[2m Γöé gzip:  0.30 kB[22m
[2mdist/[22m[32massets/acss-CzhZZK77.jpg                                        [39m[1m[2m 67.30 kB[22m[1m[22m
[2mdist/[22m[32massets/Kid-BRdzqYUh.jpg                                         [39m[1m[2m 88.42 kB[22m[1m[22m
[2mdist/[22m[32massets/women-CWF74Jzo.jpg                                       [39m[1m[2m113.30 kB[22m[1m[22m
[2mdist/[22m[32massets/Mensjacket-DOmzllaa.jpg                                  [39m[1m[2m117.65 kB[22m[1m[22m
[2mdist/[22m[32massets/Men-3nschISz.jpg                                         [39m[1m[2m129.98 kB[22m[1m[22m
[2mdist/[22m[32massets/t-shirts-Pj4XcuqH.jpg                                    [39m[1m[2m170.66 kB[22m[1m[22m
[2mdist/[22m[32massets/pngtree-gold-chain-shiny-metal-accessories-sfckFzeL.jpg  [39m[1m[2m180.14 kB[22m[1m[22m
[2mdist/[22m[32massets/banner-B--ibZgx.jpg                                      [39m[1m[2m281.65 kB[22m[1m[22m
[2mdist/[22m[32massets/kidFrock-Er9ivOf_.jpg                                    [39m[1m[2m320.06 kB[22m[1m[22m
[2mdist/[22m[35massets/index-DPYEAfH6.css                                       [39m[1m[2m  0.98 kB[22m[1m[22m[2m Γöé gzip:  0.53 kB[22m
[2mdist/[22m[36massets/__vite-browser-external-DYxpcVy9-BIHI7g3E.js             [39m[1m[2m  0.03 kB[22m[1m[22m[2m Γöé gzip:  0.05 kB[22m
[2mdist/[22m[36massets/index-BmrKoiFK.js                                        [39m[1m[2m319.86 kB[22m[1m[22m[2m Γöé gzip: 95.26 kB[22m
[32mΓ£ô built in 2.56s[39m
